// Vitest Snapshot v1, https://vitest.dev/guide/snapshot.html

exports[`EditableToDo > matches snapshot 1`] = `
<div>
  <div
    class="EditableTodo"
  >
    <div
      class="mb-3"
    >
      <div
        class="float-end text-sm-end"
      >
        <button
          class="EditableTodo-toggle btn-link btn btn-sm"
        >
          Edit
        </button>
        <button
          class="EditableTodo-delBtn btn-link btn btn-sm text-danger"
        >
          Del
        </button>
      </div>
      <div
        class="Todo"
        id="4"
      >
        <div>
          <b>
            celebrate bday
          </b>
           
          <small>
            (Priority: 
            1
            )
          </small>
        </div>
        <div>
          <small>
            for dinner
          </small>
        </div>
      </div>
    </div>
  </div>
</div>
`;
